Alina@DESKTOP-J6FR0D8 MINGW64 ~
$ cd/opt/180423_evening/Alina@DESKTOP-J6FR0D8
bash: cd/opt/180423_evening/Alina@DESKTOP-J6FR0D8: No such file or directory

Alina@DESKTOP-J6FR0D8 MINGW64 ~
$ nano testscript.sh

Alina@DESKTOP-J6FR0D8 MINGW64 ~
$ chmod +x testscript.sh

Alina@DESKTOP-J6FR0D8 MINGW64 ~
$ chmod g-r testscript.sh

Alina@DESKTOP-J6FR0D8 MINGW64 ~
$ chmod a-x testscript.sh

Alina@DESKTOP-J6FR0D8 MINGW64 ~
$ mv testscript.sh .testscript.sh

Alina@DESKTOP-J6FR0D8 MINGW64 ~
$ nano testscript.sh

Alina@DESKTOP-J6FR0D8 MINGW64 ~
$ ./.testscript.sh
your name is: Alina
your working directory is: /c/Users/Alina
Number of users: 0
done

Alina@DESKTOP-J6FR0D8 MINGW64 ~
$
